register normalizers/mysql
[[0,0.0,0.0],true]
normalize NormalizerMySQLUnicode520CIExceptKanaCIKanaWithVoicedSoundMark   "ﾊﾞﾋﾞﾌﾞﾍﾞﾎﾞ"
[[0,0.0,0.0],{"normalized":"ばびぶべぼ","types":[],"checks":[]}]
