register normalizers/mysql
[[0,0.0,0.0],true]
normalize NormalizerMySQLUnicode520CIExceptKanaCIKanaWithVoicedSoundMark   "ﾊﾟﾋﾟﾌﾟﾍﾟﾎﾟ"
[[0,0.0,0.0],{"normalized":"ぱぴぷぺぽ","types":[],"checks":[]}]
