register normalizers/mysql
[[0,0.0,0.0],true]
normalize NormalizerMySQLUnicodeCIExceptKanaCIKanaWithVoicedSoundMark   "ﾊﾞﾋﾞﾌﾞﾍﾞﾎﾞ"
[[0,0.0,0.0],{"normalized":"ばびぶべぼ","types":[],"checks":[]}]
