register normalizers/mysql
[[0,0.0,0.0],true]
normalize NormalizerMySQLUnicodeCIExceptKanaCIKanaWithVoicedSoundMark   "ぱぴぷぺぽ"
[[0,0.0,0.0],{"normalized":"ぱぴぷぺぽ","types":[],"checks":[]}]
