register normalizers/mysql
[[0,0.0,0.0],true]
normalize NormalizerMySQLUnicodeCIExceptKanaCIKanaWithVoicedSoundMark   " a  b   c" REMOVE_BLANK|WITH_CHECKS
[[0,0.0,0.0],{"normalized":"ABC","types":[],"checks":[2,3,4]}]
