register normalizers/mysql
[[0,0.0,0.0],true]
normalize NormalizerMySQLUnicodeCI "ｂｌａｃｋ"
[[0,0.0,0.0],{"normalized":"BLACK","types":[],"checks":[]}]
