register normalizers/mysql
[[0,0.0,0.0],true]
normalize NormalizerMySQLUnicodeCI "λογία"
[[0,0.0,0.0],{"normalized":"ΛΟΓΙΑ","types":[],"checks":[]}]
