register normalizers/mysql
[[0,0.0,0.0],true]
normalize NormalizerMySQLUnicodeCI "beforeｹﾞafter"
[[0,0.0,0.0],{"normalized":"BEFOREけAFTER","types":[],"checks":[]}]
