register normalizers/mysql
[[0,0.0,0.0],true]
normalize NormalizerMySQLUnicodeCI "aBc"
[[0,0.0,0.0],{"normalized":"ABC","types":[],"checks":[]}]
