register normalizers/mysql
[[0,0.0,0.0],true]
normalize NormalizerMySQLUnicode520CI "ｂｌａｃｋ"
[[0,0.0,0.0],{"normalized":"BLACK","types":[],"checks":[]}]
