register normalizers/mysql
[[0,0.0,0.0],true]
normalize NormalizerMySQLUnicode520CI "λογία"
[[0,0.0,0.0],{"normalized":"ΛΟΓΙΑ","types":[],"checks":[]}]
