register normalizers/mysql
[[0,0.0,0.0],true]
normalize NormalizerMySQLUnicode520CI "𐒠麻"
[[0,0.0,0.0],{"normalized":"0⿇","types":[],"checks":[]}]
