register normalizers/mysql
[[0,0.0,0.0],true]
normalize NormalizerMySQLUnicode520CI "🍣🍺"
[[0,0.0,0.0],{"normalized":"🍣🍺","types":[],"checks":[]}]
