register normalizers/mysql
[[0,0.0,0.0],true]
normalize NormalizerMySQLUnicode520CI "beforeｹﾞafter"
[[0,0.0,0.0],{"normalized":"BEFOREけAFTER","types":[],"checks":[]}]
