register normalizers/mysql
[[0,0.0,0.0],true]
normalize NormalizerMySQLUnicode520CI "ｱ㌕ＡZ" WITH_CHECKS
[[0,0.0,0.0],{"normalized":"あ㌕AZ","types":[],"checks":[3,0,0,3,0,0,3,1]}]
